[     126ms] [LOG] [Fast Refresh] rebuilding @ http://localhost:3004/_next/static/chunks/node_modules_next_dist_0ifwd0~._.js:2971
[     133ms] [LOG] [Fast Refresh] done in 112ms @ http://localhost:3004/_next/static/chunks/node_modules_next_dist_0ifwd0~._.js:2971
[     218ms] [VERBOSE] [DOM] Input elements should have autocomplete attributes (suggested: "new-password"): (More info: https://goo.gl/9p2vKq) %o @ http://localhost:3004/auth/sign-up:0
[     218ms] [VERBOSE] [DOM] Input elements should have autocomplete attributes (suggested: "new-password"): (More info: https://goo.gl/9p2vKq) %o @ http://localhost:3004/auth/sign-up:0
[     240ms] [INFO] %cDownload the React DevTools for a better development experience: https://react.dev/link/react-devtools font-weight:bold @ http://localhost:3004/_next/static/chunks/node_modules_next_dist_0ifwd0~._.js:2971
[     258ms] [LOG] [HMR] connected @ http://localhost:3004/_next/static/chunks/node_modules_next_dist_0ifwd0~._.js:2971
[     395ms] [LOG] [Fast Refresh] rebuilding @ http://localhost:3004/_next/static/chunks/node_modules_next_dist_0ifwd0~._.js:2971
[     703ms] [LOG] [Fast Refresh] done in 422ms @ http://localhost:3004/_next/static/chunks/node_modules_next_dist_0ifwd0~._.js:2971
[   15927ms] [VERBOSE] [DOM] Input elements should have autocomplete attributes (suggested: "new-password"): (More info: https://goo.gl/9p2vKq) %o @ http://localhost:3004/auth/sign-up:0
[   15928ms] [VERBOSE] [DOM] Input elements should have autocomplete attributes (suggested: "new-password"): (More info: https://goo.gl/9p2vKq) %o @ http://localhost:3004/auth/sign-up:0
[   15949ms] [INFO] %cDownload the React DevTools for a better development experience: https://react.dev/link/react-devtools font-weight:bold @ http://localhost:3004/_next/static/chunks/node_modules_next_dist_0ifwd0~._.js:2971
[   15966ms] [LOG] [HMR] connected @ http://localhost:3004/_next/static/chunks/node_modules_next_dist_0ifwd0~._.js:2971
[   22495ms] [LOG] %c%s color: red; background: yellow; font-size: 24px; 경고! @ https://www.gstatic.com/_/mss/boq-identity/_/js/k=boq-identity.OAuthUi.ko.fIiwrTgqt5U.es5.O/am=nj8AAABQBIABAP7__wBB1OB6BqBAAAAAAAAAAAAYAAAi/d=1/excm=_b,_tp,errorview/ed=1/dg=0/wt=2/ujg=1/rs=AOaEmlF_1eeHvsTUhd7jnQfmBl2i9X-xcQ/dti=1/m=_b,_tp:507
[   22495ms] [LOG] %c%s font-size: 18px; 이 콘솔을 사용하면 공격자가 Self-XSS라는 공격을 통해 내 신원을 도용하여 내 정보를 빼낼 수 있습니다.
알지 못하는 코드를 입력하거나 붙여넣지 마세요. @ https://www.gstatic.com/_/mss/boq-identity/_/js/k=boq-identity.OAuthUi.ko.fIiwrTgqt5U.es5.O/am=nj8AAABQBIABAP7__wBB1OB6BqBAAAAAAAAAAAAYAAAi/d=1/excm=_b,_tp,errorview/ed=1/dg=0/wt=2/ujg=1/rs=AOaEmlF_1eeHvsTUhd7jnQfmBl2i9X-xcQ/dti=1/m=_b,_tp:507
[   37714ms] [LOG] %c%s color: red; background: yellow; font-size: 24px; 경고! @ https://www.gstatic.com/_/mss/boq-identity/_/js/k=boq-identity.OAuthUi.ko.56JJCYRqaIc.es5.O/am=8gcAAABQBGAAgP__P4AgOvCeAQoQAAAAAAAAAAAMAAAR/d=1/excm=_b,_tp,errorview/ed=1/dg=0/wt=2/ujg=1/rs=AOaEmlESBHPLaLtrCCQGc08syu7XtktDLQ/dti=1/m=_b,_tp:531
[   37714ms] [LOG] %c%s font-size: 18px; 이 콘솔을 사용하면 공격자가 Self-XSS라는 공격을 통해 내 신원을 도용하여 내 정보를 빼낼 수 있습니다.
알지 못하는 코드를 입력하거나 붙여넣지 마세요. @ https://www.gstatic.com/_/mss/boq-identity/_/js/k=boq-identity.OAuthUi.ko.56JJCYRqaIc.es5.O/am=8gcAAABQBGAAgP__P4AgOvCeAQoQAAAAAAAAAAAMAAAR/d=1/excm=_b,_tp,errorview/ed=1/dg=0/wt=2/ujg=1/rs=AOaEmlESBHPLaLtrCCQGc08syu7XtktDLQ/dti=1/m=_b,_tp:531
[  125350ms] [LOG] %c%s color: red; background: yellow; font-size: 24px; 경고! @ https://www.gstatic.com/_/mss/boq-identity/_/js/k=boq-identity.OAuthUi.ko.fIiwrTgqt5U.es5.O/am=nj8AAABQBIABAP7__wBB1OB6BqBAAAAAAAAAAAAYAAAi/d=1/excm=_b,_tp,errorview/ed=1/dg=0/wt=2/ujg=1/rs=AOaEmlF_1eeHvsTUhd7jnQfmBl2i9X-xcQ/dti=1/m=_b,_tp:507
[  125350ms] [LOG] %c%s font-size: 18px; 이 콘솔을 사용하면 공격자가 Self-XSS라는 공격을 통해 내 신원을 도용하여 내 정보를 빼낼 수 있습니다.
알지 못하는 코드를 입력하거나 붙여넣지 마세요. @ https://www.gstatic.com/_/mss/boq-identity/_/js/k=boq-identity.OAuthUi.ko.fIiwrTgqt5U.es5.O/am=nj8AAABQBIABAP7__wBB1OB6BqBAAAAAAAAAAAAYAAAi/d=1/excm=_b,_tp,errorview/ed=1/dg=0/wt=2/ujg=1/rs=AOaEmlF_1eeHvsTUhd7jnQfmBl2i9X-xcQ/dti=1/m=_b,_tp:507
[  126617ms] [VERBOSE] [DOM] Input elements should have autocomplete attributes (suggested: "new-password"): (More info: https://goo.gl/9p2vKq) %o @ http://localhost:3004/auth/sign-up:0
[  126617ms] [VERBOSE] [DOM] Input elements should have autocomplete attributes (suggested: "new-password"): (More info: https://goo.gl/9p2vKq) %o @ http://localhost:3004/auth/sign-up:0
[  126787ms] [INFO] %cDownload the React DevTools for a better development experience: https://react.dev/link/react-devtools font-weight:bold @ http://localhost:3004/_next/static/chunks/node_modules_next_dist_0ifwd0~._.js:2971
[  126872ms] [LOG] [HMR] connected @ http://localhost:3004/_next/static/chunks/node_modules_next_dist_0ifwd0~._.js:2971
[  128694ms] [VERBOSE] [DOM] Input elements should have autocomplete attributes (suggested: "new-password"): (More info: https://goo.gl/9p2vKq) %o @ http://localhost:3004/auth/sign-up:0
[  128694ms] [VERBOSE] [DOM] Input elements should have autocomplete attributes (suggested: "new-password"): (More info: https://goo.gl/9p2vKq) %o @ http://localhost:3004/auth/sign-up:0
[  128897ms] [INFO] %cDownload the React DevTools for a better development experience: https://react.dev/link/react-devtools font-weight:bold @ http://localhost:3004/_next/static/chunks/node_modules_next_dist_0ifwd0~._.js:2971
[  128988ms] [LOG] [HMR] connected @ http://localhost:3004/_next/static/chunks/node_modules_next_dist_0ifwd0~._.js:2971
[  129005ms] [WARNING] %c%s%c Route /auth/sign-up is rendering with server caches disabled. For this navigation, Component Metadata in React DevTools will not accurately reflect what is statically prerenderable and runtime prefetchable. See more info here: https://nextjs.org/docs/messages/cache-bypass-in-dev background: #e6e6e6;background: light-dark(rgba(0,0,0,0.1), rgba(255,255,255,0.25));color: #000000;color: light-dark(#000000, #ffffff);border-radius: 2px  Prerender   @ http://localhost:3004/_next/static/chunks/node_modules_next_dist_0ifwd0~._.js:2971
[  130601ms] [LOG] %c%s color: red; background: yellow; font-size: 24px; 경고! @ https://www.gstatic.com/_/mss/boq-identity/_/js/k=boq-identity.OAuthUi.ko.fIiwrTgqt5U.es5.O/am=nj8AAABQBIABAP7__wBB1OB6BqBAAAAAAAAAAAAYAAAi/d=1/excm=_b,_tp,errorview/ed=1/dg=0/wt=2/ujg=1/rs=AOaEmlF_1eeHvsTUhd7jnQfmBl2i9X-xcQ/dti=1/m=_b,_tp:507
[  130601ms] [LOG] %c%s font-size: 18px; 이 콘솔을 사용하면 공격자가 Self-XSS라는 공격을 통해 내 신원을 도용하여 내 정보를 빼낼 수 있습니다.
알지 못하는 코드를 입력하거나 붙여넣지 마세요. @ https://www.gstatic.com/_/mss/boq-identity/_/js/k=boq-identity.OAuthUi.ko.fIiwrTgqt5U.es5.O/am=nj8AAABQBIABAP7__wBB1OB6BqBAAAAAAAAAAAAYAAAi/d=1/excm=_b,_tp,errorview/ed=1/dg=0/wt=2/ujg=1/rs=AOaEmlF_1eeHvsTUhd7jnQfmBl2i9X-xcQ/dti=1/m=_b,_tp:507
[  330580ms] [VERBOSE] [DOM] Password field is not contained in a form: (More info: https://goo.gl/9p2vKq) %o @ https://accounts.google.com/v3/signin/identifier?continue=https%3A%2F%2Fconsole.cloud.google.com%2F&dsh=S-1825347431%3A1778574997196514&followup=https%3A%2F%2Fconsole.cloud.google.com%2F&osid=1&passive=1209600&service=cloudconsole&flowName=GlifWebSignIn&flowEntry=ServiceLogin&ifkv=AWa2Paujr8ASYjF4WEKJeZNoHPbJBr_1_JKxdeegOkv7VXdY8jIfYBBq0C4Hc99gIyjRFgx9K-4LYw:0
[  330586ms] [LOG] %c%s color: red; background: yellow; font-size: 24px; 경고! @ https://www.gstatic.com/_/mss/boq-identity/_/js/k=boq-identity.AccountsSignInUi.ko.sEf_VbCA2GM.es5.O/am=iW8AAIBQiIKQAcD4__8BAAIgiBp4PQtAE4gMAACAAAAAAABYAAAAjQ/d=1/excm=_b,_tp,identifierview/ed=1/dg=0/wt=2/ujg=1/rs=AOaEmlFi-xBuCCwMVgl8Epatxf9A6-TvOg/dti=1/m=_b,_tp:541
[  330586ms] [LOG] %c%s font-size: 18px; 이 콘솔을 사용하면 공격자가 Self-XSS라는 공격을 통해 내 신원을 도용하여 내 정보를 빼낼 수 있습니다.
알지 못하는 코드를 입력하거나 붙여넣지 마세요. @ https://www.gstatic.com/_/mss/boq-identity/_/js/k=boq-identity.AccountsSignInUi.ko.sEf_VbCA2GM.es5.O/am=iW8AAIBQiIKQAcD4__8BAAIgiBp4PQtAE4gMAACAAAAAAABYAAAAjQ/d=1/excm=_b,_tp,identifierview/ed=1/dg=0/wt=2/ujg=1/rs=AOaEmlFi-xBuCCwMVgl8Epatxf9A6-TvOg/dti=1/m=_b,_tp:541
[  346745ms] [VERBOSE] [DOM] Password field is not contained in a form: (More info: https://goo.gl/9p2vKq) %o @ https://accounts.google.com/v3/signin/challenge/pwd?TL=APouJz5il9X1IBpiIOS986VynudHDEBCo2qo1p5WBzluQ1ZBWo68hW_H2dJebM9T&checkConnection=youtube%3A334&checkedDomains=youtube&cid=1&continue=https%3A%2F%2Fconsole.cloud.google.com%2F&dsh=S-1825347431%3A1778574997196514&flowEntry=ServiceLogin&flowName=GlifWebSignIn&followup=https%3A%2F%2Fconsole.cloud.google.com%2F&ifkv=AWa2Paujr8ASYjF4WEKJeZNoHPbJBr_1_JKxdeegOkv7VXdY8jIfYBBq0C4Hc99gIyjRFgx9K-4LYw&osid=1&pstMsg=1&service=cloudconsole:0
